bandit16@bandit:~$ nmap -sV localhost -p 31000-32000
Starting Nmap 7.94SVN ( https://nmap.org ) at 2025-12-17 06:51 UTC
Stats: 0:00:06 elapsed; 0 hosts completed (1 up), 1 undergoing Service Scan
Service scan Timing: About 0.00% done
Stats: 0:01:02 elapsed; 0 hosts completed (1 up), 1 undergoing Service Scan
Service scan Timing: About 80.00% done; ETC: 06:53 (0:00:16 remaining)
Stats: 0:01:44 elapsed; 0 hosts completed (1 up), 1 undergoing Service Scan
Service scan Timing: About 80.00% done; ETC: 06:54 (0:00:26 remaining)
Stats: 0:02:10 elapsed; 0 hosts completed (1 up), 1 undergoing Service Scan
Service scan Timing: About 80.00% done; ETC: 06:54 (0:00:33 remaining)
Stats: 0:02:35 elapsed; 0 hosts completed (1 up), 1 undergoing Service Scan
Service scan Timing: About 100.00% done; ETC: 06:54 (0:00:00 remaining)
Nmap scan report for localhost (127.0.0.1)
Host is up (0.00012s latency).
Not shown: 996 closed tcp ports (conn-refused)
PORT      STATE SERVICE     VERSION
31046/tcp open  echo
31518/tcp open  ssl/echo
31691/tcp open  echo
31790/tcp open  ssl/unknown
31960/tcp open  echo
1 service unrecognized despite returning data. If you know the service/version, please submit the following fingerprint at https://nmap.org/cgi-bin/submit.cgi?new-service :
SF-Port31790-TCP:V=7.94SVN%T=SSL%I=7%D=12/17%Time=6942531A%P=x86_64-pc-lin
SF:ux-gnu%r(GenericLines,32,"Wrong!\x20Please\x20enter\x20the\x20correct\x
SF:20current\x20password\.\n")%r(GetRequest,32,"Wrong!\x20Please\x20enter\
SF:x20the\x20correct\x20current\x20password\.\n")%r(HTTPOptions,32,"Wrong!
SF:\x20Please\x20enter\x20the\x20correct\x20current\x20password\.\n")%r(RT
SF:SPRequest,32,"Wrong!\x20Please\x20enter\x20the\x20correct\x20current\x2
SF:0password\.\n")%r(Help,32,"Wrong!\x20Please\x20enter\x20the\x20correct\
SF:x20current\x20password\.\n")%r(FourOhFourRequest,32,"Wrong!\x20Please\x
SF:20enter\x20the\x20correct\x20current\x20password\.\n")%r(LPDString,32,"
SF:Wrong!\x20Please\x20enter\x20the\x20correct\x20current\x20password\.\n"
SF:)%r(SIPOptions,32,"Wrong!\x20Please\x20enter\x20the\x20correct\x20curre
SF:nt\x20password\.\n");

Service detection performed. Please report any incorrect results at https://nmap.org/submit/ .
Nmap done: 1 IP address (1 host up) scanned in 155.10 seconds
bandit16@bandit:~$ echo "kSkvUpMQ7lBYyCM4GBPvCvT1BfWRy0Dx" | openssl s_client -connect localhost:31790 -ign_eof
CONNECTED(00000003)
Can't use SSL_get_servername
depth=0 CN = SnakeOil
verify error:num=18:self-signed certificate
verify return:1
depth=0 CN = SnakeOil
verify return:1
---
Certificate chain
 0 s:CN = SnakeOil
   i:CN = SnakeOil
   a:PKEY: rsaEncryption, 4096 (bit); sigalg: RSA-SHA256
   v:NotBefore: Jun 10 03:59:50 2024 GMT; NotAfter: Jun  8 03:59:50 2034 GMT
---
Server certificate
-----BEGIN CERTIFICATE-----
MIIFBzCCAu+gAwIBAgIUBLz7DBxA0IfojaL/WaJzE6Sbz7cwDQYJKoZIhvcNAQEL
.............................................................
U5EyeuFg5RXYwAPi7ykw1PW7zAPL4MlonEVz+QXOSx6eyhimp1VZC11SCg==
-----END CERTIFICATE-----
subject=CN = SnakeOil
issuer=CN = SnakeOil
---
No client certificate CA names sent
Peer signing digest: SHA256
Peer signature type: RSA-PSS
Server Temp Key: X25519, 253 bits
---
SSL handshake has read 2103 bytes and written 373 bytes
Verification error: self-signed certificate
---
New, TLSv1.3, Cipher is TLS_AES_256_GCM_SHA384
Server public key is 4096 bit
Secure Renegotiation IS NOT supported
Compression: NONE
Expansion: NONE
No ALPN negotiated
Early data was not sent
Verify return code: 18 (self-signed certificate)
---
---
Post-Handshake New Session Ticket arrived:
SSL-Session:
    Protocol  : TLSv1.3
    Cipher    : TLS_AES_256_GCM_SHA384
    Session-ID: B4E63A41DEAAF39C46D21C451822CE86C9682C51B27491A89A6F129C71F581B6
    Session-ID-ctx:
    Resumption PSK: BC4B7EA9C150E708D6E27B107227B00D317BEA9A508D112368D78BF42C461D4D345586458703CD65A9893509DA9A1246
    PSK identity: None
    PSK identity hint: None
    SRP username: None
    TLS session ticket lifetime hint: 300 (seconds)
    TLS session ticket:
    0000 - 87 e3 3a 29 d2 a1 0e aa-46 bc 76 20 63 d5 f5 2d   ..:)....F.v c..-
    0010 - 51 ca af 53 68 cf 52 e9-1e 58 de c2 00 e5 72 e4   Q..Sh.R..X....r.
    0020 - b3 02 0a 75 6a b8 c0 db-d0 c3 7f 75 c3 5a b7 a2   ...uj......u.Z..
    0030 - 17 31 0d 8e 46 56 19 8a-cd 3d 8b 04 55 ef 13 12   .1..FV...=..U...
    0040 - 20 57 77 d5 52 96 45 03-6a a2 4b 21 b5 18 b4 6b    Ww.R.E.j.K!...k
    0050 - 21 37 61 70 e8 64 1a cd-0f ef ad bb a3 1f d1 23   !7ap.d.........#
    0060 - 5c 65 db 16 37 77 b7 83-e3 db 55 fe 36 5a 18 f2   \e..7w....U.6Z..
    0070 - f5 63 1c 9e ab a2 23 93-6d de e2 83 ef d6 bf 56   .c....#.m......V
    0080 - a8 10 c1 5c 98 5e 75 5d-5c a8 f8 aa 8d 42 d2 0a   ...\.^u]\....B..
    0090 - 24 e0 50 27 8e 0d c1 70-5d 4b f0 ab 14 d6 82 c6   $.P'...p]K......
    00a0 - b5 10 d6 8f 31 c6 3c 08-e2 f4 95 0a d9 ae 1d 19   ....1.<.........
    00b0 - 1c d5 74 a5 18 c9 ac 25-72 74 40 9e 99 49 f8 68   ..t....%rt@..I.h
    00c0 - 13 06 1a dd 68 09 ba 6a-e1 64 a5 53 d5 5c 24 97   ....h..j.d.S.\$.
    00d0 - 57 58 14 ba 71 74 85 e2-ba 8b aa 6d 63 a2 2c 2e   WX..qt.....mc.,.

    Start Time: 1765954521
    Timeout   : 7200 (sec)
    Verify return code: 18 (self-signed certificate)
    Extended master secret: no
    Max Early Data: 0
---
read R BLOCK
---
Post-Handshake New Session Ticket arrived:
SSL-Session:
    Protocol  : TLSv1.3
    Cipher    : TLS_AES_256_GCM_SHA384
    Session-ID: A825A26A4D09CD570EBD293F955CAC7A04A2605F5759EC52CE5F6FB2F9EC9F52
    Session-ID-ctx:
    Resumption PSK: EDC41FF32B3521CE842EA775D196DFA2E530733E0BEEB516398C118DA9514E707CC6B14ED4512A87DF8FB71585FE7259
    PSK identity: None
    PSK identity hint: None
    SRP username: None
    TLS session ticket lifetime hint: 300 (seconds)
    TLS session ticket:
    0000 - 87 e3 3a 29 d2 a1 0e aa-46 bc 76 20 63 d5 f5 2d   ..:)....F.v c..-
    0010 - d0 32 57 1b 2b fd 0b 37-1a 10 d3 a5 72 52 e0 ea   .2W.+..7....rR..
    0020 - cb 89 da a1 5c 17 25 5c-30 66 d2 d7 95 45 0f 0b   ....\.%\0f...E..
    0030 - 4c 8a c6 14 2f 5d cf b9-79 9d a3 ea 3b e6 3a 87   L.../]..y...;.:.
    0040 - 9c 11 40 83 09 45 ba 4f-79 74 83 7e 8f b6 48 c8   ..@..E.Oyt.~..H.
    0050 - 33 5e c9 c4 82 dc 89 8b-2b 81 51 7a 83 bb df 3b   3^......+.Qz...;
    0060 - ea 2a 35 5b 52 55 b3 aa-70 66 74 00 22 84 a2 10   .*5[RU..pft."...
    0070 - d2 6c 9b 67 88 9e f2 89-97 22 64 0a a5 84 c4 28   .l.g....."d....(
    0080 - 68 20 50 5c ab 9a 73 ca-bb 9f 41 17 2e a3 21 87   h P\..s...A...!.
    0090 - f2 e0 10 be 04 f1 35 a0-9f c1 6a 02 eb db 23 63   ......5...j...#c
    00a0 - 2f a7 2c 74 2e 75 4e 1a-5d 88 f9 0a 98 7c f0 7e   /.,t.uN.]....|.~
    00b0 - 19 ad d2 08 f5 f5 91 71-0c 0f 00 40 37 d0 2a e2   .......q...@7.*.
    00c0 - a4 3f 94 c6 dd b3 53 2f-cb 72 e9 95 11 07 14 ad   .?....S/.r......
    00d0 - 68 8b 5f ff a6 3f 2a c2-b6 9b b3 21 cb 3b 49 e2   h._..?*....!.;I.

    Start Time: 1765954521
    Timeout   : 7200 (sec)
    Verify return code: 18 (self-signed certificate)
    Extended master secret: no
    Max Early Data: 0
---
read R BLOCK
Correct!
-----BEGIN RSA PRIVATE KEY-----
MIIEogIBAAKCAQEAvmOkuifmMg6HL2YPIOjon6iWfbp7c3jx34YkYWqUH57SUdyJ
..............................................................
vBgsyi/sN3RqRBcGU40fOoZyfAMT8s1m/uYv52O6IgeuZ/ujbjY=
-----END RSA PRIVATE KEY-----

closed
bandit16@bandit:~$ exit
logout
Connection to bandit.labs.overthewire.org closed.
aishm@DELL:~$ vim key
aishm@DELL:~$ vim key
aishm@DELL:~$ chmod 400 key
aishm@DELL:~$ ssh -i key bandit17@bandit.labs.overthewire.org -p 2220
                         _                     _ _ _
                        | |__   __ _ _ __   __| (_) |_
                        | '_ \ / _` | '_ \ / _` | | __|
                        | |_) | (_| | | | | (_| | | |_
                        |_.__/ \__,_|_| |_|\__,_|_|\__|


                      This is an OverTheWire game server.
            More information on http://www.overthewire.org/wargames

backend: gibson-0

      ,----..            ,----,          .---.
     /   /   \         ,/   .`|         /. ./|
    /   .     :      ,`   .'  :     .--'.  ' ;
   .   /   ;.  \   ;    ;     /    /__./ \ : |
  .   ;   /  ` ; .'___,/    ,' .--'.  '   \' .
  ;   |  ; \ ; | |    :     | /___/ \ |    ' '
  |   :  | ; | ' ;    |.';  ; ;   \  \;      :
  .   |  ' ' ' : `----'  |  |  \   ;  `      |
  '   ;  \; /  |     '   :  ;   .   \    .\  ;
   \   \  ',  /      |   |  '    \   \   ' \ |
    ;   :    /       '   :  |     :   '  |--"
     \   \ .'        ;   |.'       \   \ ;
  www. `---` ver     '---' he       '---" ire.org


Welcome to OverTheWire!

If you find any problems, please report them to the #wargames channel on
discord or IRC.

--[ Playing the games ]--

  This machine might hold several wargames.
  If you are playing "somegame", then:

    * USERNAMES are somegame0, somegame1, ...
    * Most LEVELS are stored in /somegame/.
    * PASSWORDS for each level are stored in /etc/somegame_pass/.

  Write-access to homedirectories is disabled. It is advised to create a
  working directory with a hard-to-guess name in /tmp/.  You can use the
  command "mktemp -d" in order to generate a random and hard to guess
  directory in /tmp/.  Read-access to both /tmp/ is disabled and to /proc
  restricted so that users cannot snoop on eachother. Files and directories
  with easily guessable or short names will be periodically deleted! The /tmp
  directory is regularly wiped.
  Please play nice:

    * don't leave orphan processes running
    * don't leave exploit-files laying around
    * don't annoy other players
    * don't post passwords or spoilers
    * again, DONT POST SPOILERS!
      This includes writeups of your solution on your blog or website!

--[ Tips ]--

  This machine has a 64bit processor and many security-features enabled
  by default, although ASLR has been switched off.  The following
  compiler flags might be interesting:

    -m32                    compile for 32bit
    -fno-stack-protector    disable ProPolice
    -Wl,-z,norelro          disable relro

  In addition, the execstack tool can be used to flag the stack as
  executable on ELF binaries.

  Finally, network-access is limited for most levels by a local
  firewall.

--[ Tools ]--

 For your convenience we have installed a few useful tools which you can find
 in the following locations:

    * gef (https://github.com/hugsy/gef) in /opt/gef/
    * pwndbg (https://github.com/pwndbg/pwndbg) in /opt/pwndbg/
    * gdbinit (https://github.com/gdbinit/Gdbinit) in /opt/gdbinit/
    * pwntools (https://github.com/Gallopsled/pwntools)
    * radare2 (http://www.radare.org/)

--[ More information ]--

  For more information regarding individual wargames, visit
  http://www.overthewire.org/wargames/

  For support, questions or comments, contact us on discord or IRC.

  Enjoy your stay!

bandit17@bandit:~$

Conclusion
connect to the server through a command
nmap -sV localhost -p 31000-32000
echo "<bandit16_password>" | openssl s_client -connect localhost:31790 -ign_eof
chmod 400 key
ssh -i key bandit17@bandit.labs.overthewire.org -p 2220
the following commands are:
nmap -sV localhost -p 31000-32000 
openssl s_client 
chmod 400 key 
ssh -i key 
The password you are looking for is: <REDACTED>
exit 


